
> @ test C:\dev\invest-br
> vitest run "__tests__/modules/insights.test.ts"


[1m[46m RUN [49m[22m [36mv4.1.3 [39m[90mC:/dev/invest-br[39m

[90mstdout[2m | __tests__/modules/insights.test.ts
[22m[39mÔùç injected env (8) from .env.local // tip: Ôîÿ multiple files { path: ['.env.local', '.env'] }
Ôùç injected env (0) from .env // tip: Ôîÿ suppress logs { quiet: true }

[90mstdout[2m | __tests__/modules/insights.test.ts[2m > [22m[2mM├│dulo Insights[2m > [22m[2mCliente sem transa├º├Áes deve retornar insights vazio
[22m[39mprisma:error 
Invalid `prisma.asset.create()` invocation in
C:/dev/invest-br/__tests__/modules/insights.test.ts:92:39

  89 assetClassId = assetClass.id
  90 
  91 // Criar ativos
ÔåÆ 92 const asset1 = await prisma.asset.create({
       data: {
         name: "WEG S/A",
         ticker: "WEGE3",
         assetClassId: "cmns9njei0005nsven5rzolex",
         currency: "BRL",
         country: "BR",
         recommendedHorizon: "LONG",
     +   category: AssetCategory
       }
     })

Argument `category` is missing.

[90mstdout[2m | __tests__/modules/insights.test.ts[2m > [22m[2mM├│dulo Insights[2m > [22m[2mUm ativo com > 25% deve detectar CONCENTRACAO_ATIVO
[22m[39mprisma:error 
Invalid `prisma.asset.create()` invocation in
C:/dev/invest-br/__tests__/modules/insights.test.ts:92:39

  89 assetClassId = assetClass.id
  90 
  91 // Criar ativos
ÔåÆ 92 const asset1 = await prisma.asset.create({
       data: {
         name: "WEG S/A",
         ticker: "WEGE3",
         assetClassId: "cmns9njf0000bnsve0jzf8spl",
         currency: "BRL",
         country: "BR",
         recommendedHorizon: "LONG",
     +   category: AssetCategory
       }
     })

Argument `category` is missing.

[90mstdout[2m | __tests__/modules/insights.test.ts[2m > [22m[2mM├│dulo Insights[2m > [22m[2mClasse com > 50% deve detectar CONCENTRACAO_CLASSE
[22m[39mprisma:error 
Invalid `prisma.asset.create()` invocation in
C:/dev/invest-br/__tests__/modules/insights.test.ts:92:39

  89 assetClassId = assetClass.id
  90 
  91 // Criar ativos
ÔåÆ 92 const asset1 = await prisma.asset.create({
       data: {
         name: "WEG S/A",
         ticker: "WEGE3",
         assetClassId: "cmns9njf9000hnsve1go96tg4",
         currency: "BRL",
         country: "BR",
         recommendedHorizon: "LONG",
     +   category: AssetCategory
       }
     })

Argument `category` is missing.

[90mstdout[2m | __tests__/modules/insights.test.ts[2m > [22m[2mM├│dulo Insights[2m > [22m[2mMoeda/Pa├¡s com > 70% deve detectar CONCENTRACAO_MOEDA_PAIS
[22m[39mprisma:error 
Invalid `prisma.asset.create()` invocation in
C:/dev/invest-br/__tests__/modules/insights.test.ts:92:39

  89 assetClassId = assetClass.id
  90 
  91 // Criar ativos
ÔåÆ 92 const asset1 = await prisma.asset.create({
       data: {
         name: "WEG S/A",
         ticker: "WEGE3",
         assetClassId: "cmns9njfh000nnsvexbtjq9w7",
         currency: "BRL",
         country: "BR",
         recommendedHorizon: "LONG",
     +   category: AssetCategory
       }
     })

Argument `category` is missing.

[90mstdout[2m | __tests__/modules/insights.test.ts[2m > [22m[2mM├│dulo Insights[2m > [22m[2mAtivo com horizonte SHORT em carteira LONG deve detectar HORIZONTE_DESALINHADO
[22m[39mprisma:error 
Invalid `prisma.asset.create()` invocation in
C:/dev/invest-br/__tests__/modules/insights.test.ts:92:39

  89 assetClassId = assetClass.id
  90 
  91 // Criar ativos
ÔåÆ 92 const asset1 = await prisma.asset.create({
       data: {
         name: "WEG S/A",
         ticker: "WEGE3",
         assetClassId: "cmns9njfr000tnsvemou9w4i5",
         currency: "BRL",
         country: "BR",
         recommendedHorizon: "LONG",
     +   category: AssetCategory
       }
     })

Argument `category` is missing.

[90mstdout[2m | __tests__/modules/insights.test.ts[2m > [22m[2mM├│dulo Insights[2m > [22m[2mPortfolio espec├¡fico deve filtrar insights apenas para aquela carteira
[22m[39mprisma:error 
Invalid `prisma.asset.create()` invocation in
C:/dev/invest-br/__tests__/modules/insights.test.ts:92:39

  89 assetClassId = assetClass.id
  90 
  91 // Criar ativos
ÔåÆ 92 const asset1 = await prisma.asset.create({
       data: {
         name: "WEG S/A",
         ticker: "WEGE3",
         assetClassId: "cmns9njfz000znsveqwo1uxxx",
         currency: "BRL",
         country: "BR",
         recommendedHorizon: "LONG",
     +   category: AssetCategory
       }
     })

Argument `category` is missing.

[90mstdout[2m | __tests__/modules/insights.test.ts[2m > [22m[2mM├│dulo Insights[2m > [22m[2mDeve calcular severidade corretamente (info/warning/critical)
[22m[39mprisma:error 
Invalid `prisma.asset.create()` invocation in
C:/dev/invest-br/__tests__/modules/insights.test.ts:92:39

  89 assetClassId = assetClass.id
  90 
  91 // Criar ativos
ÔåÆ 92 const asset1 = await prisma.asset.create({
       data: {
         name: "WEG S/A",
         ticker: "WEGE3",
         assetClassId: "cmns9njg60015nsve3t8dy8on",
         currency: "BRL",
         country: "BR",
         recommendedHorizon: "LONG",
     +   category: AssetCategory
       }
     })

Argument `category` is missing.

 [31mÔØ»[39m __tests__/modules/insights.test.ts [2m([22m[2m7 tests[22m[2m | [22m[31m7 failed[39m[2m)[22m[32m 204[2mms[22m[39m
[31m     [31m├ù[31m Cliente sem transa├º├Áes deve retornar insights vazio[39m[32m 152[2mms[22m[39m
[31m     [31m├ù[31m Um ativo com > 25% deve detectar CONCENTRACAO_ATIVO[39m[32m 10[2mms[22m[39m
[31m     [31m├ù[31m Classe com > 50% deve detectar CONCENTRACAO_CLASSE[39m[32m 8[2mms[22m[39m
[31m     [31m├ù[31m Moeda/Pa├¡s com > 70% deve detectar CONCENTRACAO_MOEDA_PAIS[39m[32m 8[2mms[22m[39m
[31m     [31m├ù[31m Ativo com horizonte SHORT em carteira LONG deve detectar HORIZONTE_DESALINHADO[39m[32m 9[2mms[22m[39m
[31m     [31m├ù[31m Portfolio espec├¡fico deve filtrar insights apenas para aquela carteira[39m[32m 8[2mms[22m[39m
[31m     [31m├ù[31m Deve calcular severidade corretamente (info/warning/critical)[39m[32m 7[2mms[22m[39m
node.exe : 
No C:\Users\Junior\AppData\Roaming\npm\pnpm.ps1:24 caractere:5
+     & "node$exe"  "$basedir/node_modules/pnpm/bin/pnpm.cjs" $args
+     ~~~~~~~~~~~~~~~~~~~~~~~~~~~~~~~~~~~~~~~~~~~~~~~~~~~~~~~~~~~~~
    + CategoryInfo          : NotSpecified: (:String) [], RemoteException
    + FullyQualifiedErrorId : NativeCommandError
 
[31mÔÄ»ÔÄ»ÔÄ»ÔÄ»ÔÄ»ÔÄ»ÔÄ»[39m[1m[41m Failed Tests 7 
[49m[22m[31mÔÄ»ÔÄ»ÔÄ»ÔÄ»ÔÄ»ÔÄ»ÔÄ»[39m

[41m[1m FAIL [22m[49m __tests__/modules/insights.test.ts[2m > 
[22mM├│dulo Insights[2m > [22mCliente sem transa├º├Áes deve retornar 
insights vazio
[31m[1mPrismaClientValidationError[22m: 
Invalid `prisma.asset.create()` invocation in
C:/dev/invest-br/__tests__/modules/insights.test.ts:92:39

  89 assetClassId = assetClass.id
  90 
  91 // Criar ativos
ÔåÆ 92 const asset1 = await prisma.asset.create({
       data: {
         name: "WEG S/A",
         ticker: "WEGE3",
         assetClassId: "cmns9njei0005nsven5rzolex",
         currency: "BRL",
         country: "BR",
         recommendedHorizon: "LONG",
     +   category: AssetCategory
       }
     })

Argument `category` is missing.[39m
[90m [2mÔØ»[22m ar node_modules/.pnpm/@prisma+client@7.7.0_prisma_1e40e0f9d9
8b741ca49bc50cc9fd9f75/node_modules/@prisma/client/src/runtime/core/errorRender
ing/throwValidationException.ts:[2m46:8[22m[39m
[90m [2mÔØ»[22m throwValidationException node_modules/.pnpm/@prisma+client@7
.7.0_prisma_1e40e0f9d98b741ca49bc50cc9fd9f75/node_modules/@prisma/client/src/ru
ntime/RequestHandler.ts:[2m211:6[22m[39m
[90m [2mÔØ»[22m Gr.handleAndLogRequestError node_modules/.pnpm/@prisma+clien
t@7.7.0_prisma_1e40e0f9d98b741ca49bc50cc9fd9f75/node_modules/@prisma/client/src
/runtime/RequestHandler.ts:[2m183:11[22m[39m
[90m [2mÔØ»[22m Gr.request node_modules/.pnpm/@prisma+client@7.7.0_prisma_1e
40e0f9d98b741ca49bc50cc9fd9f75/node_modules/@prisma/client/src/runtime/RequestH
andler.ts:[2m152:11[22m[39m
[90m [2mÔØ»[22m a node_modules/.pnpm/@prisma+client@7.7.0_prisma_1e40e0f9d98
b741ca49bc50cc9fd9f75/node_modules/@prisma/client/src/runtime/getPrismaClient.t
s:[2m938:23[22m[39m
[36m [2mÔØ»[22m __tests__/modules/insights.test.ts:[2m92:20[22m[39m
    [90m 90|[39m
    [90m 91|[39m     [90m// Criar ativos[39m
    [90m 92|[39m     [35mconst[39m asset1 [33m=[39m [35mawait[39m 
prisma[33m.[39masset[33m.[39m[34mcreate[39m({
    [90m   |[39m                    [31m^[39m
    [90m 93|[39m       data[33m:[39m {
    [90m 94|[39m         name[33m:[39m [32m'WEG S/A'[39m[33m,[39m

[31m[2mÔÄ»ÔÄ»ÔÄ»ÔÄ»ÔÄ»ÔÄ»ÔÄ»ÔÄ»ÔÄ»ÔÄ»ÔÄ»ÔÄ»ÔÄ»ÔÄ»ÔÄ»ÔÄ»ÔÄ»ÔÄ»ÔÄ»ÔÄ»ÔÄ»ÔÄ»ÔÄ»Ô
Ä»[1/7]ÔÄ»[22m[39m

[41m[1m FAIL [22m[49m __tests__/modules/insights.test.ts[2m > 
[22mM├│dulo Insights[2m > [22mUm ativo com > 25% deve detectar 
CONCENTRACAO_ATIVO
[31m[1mPrismaClientValidationError[22m: 
Invalid `prisma.asset.create()` invocation in
C:/dev/invest-br/__tests__/modules/insights.test.ts:92:39

  89 assetClassId = assetClass.id
  90 
  91 // Criar ativos
ÔåÆ 92 const asset1 = await prisma.asset.create({
       data: {
         name: "WEG S/A",
         ticker: "WEGE3",
         assetClassId: "cmns9njf0000bnsve0jzf8spl",
         currency: "BRL",
         country: "BR",
         recommendedHorizon: "LONG",
     +   category: AssetCategory
       }
     })

Argument `category` is missing.[39m
[90m [2mÔØ»[22m ar node_modules/.pnpm/@prisma+client@7.7.0_prisma_1e40e0f9d9
8b741ca49bc50cc9fd9f75/node_modules/@prisma/client/src/runtime/core/errorRender
ing/throwValidationException.ts:[2m46:8[22m[39m
[90m [2mÔØ»[22m throwValidationException node_modules/.pnpm/@prisma+client@7
.7.0_prisma_1e40e0f9d98b741ca49bc50cc9fd9f75/node_modules/@prisma/client/src/ru
ntime/RequestHandler.ts:[2m211:6[22m[39m
[90m [2mÔØ»[22m Gr.handleAndLogRequestError node_modules/.pnpm/@prisma+clien
t@7.7.0_prisma_1e40e0f9d98b741ca49bc50cc9fd9f75/node_modules/@prisma/client/src
/runtime/RequestHandler.ts:[2m183:11[22m[39m
[90m [2mÔØ»[22m Gr.request node_modules/.pnpm/@prisma+client@7.7.0_prisma_1e
40e0f9d98b741ca49bc50cc9fd9f75/node_modules/@prisma/client/src/runtime/RequestH
andler.ts:[2m152:11[22m[39m
[90m [2mÔØ»[22m a node_modules/.pnpm/@prisma+client@7.7.0_prisma_1e40e0f9d98
b741ca49bc50cc9fd9f75/node_modules/@prisma/client/src/runtime/getPrismaClient.t
s:[2m938:23[22m[39m
[36m [2mÔØ»[22m __tests__/modules/insights.test.ts:[2m92:20[22m[39m
    [90m 90|[39m
    [90m 91|[39m     [90m// Criar ativos[39m
    [90m 92|[39m     [35mconst[39m asset1 [33m=[39m [35mawait[39m 
prisma[33m.[39masset[33m.[39m[34mcreate[39m({
    [90m   |[39m                    [31m^[39m
    [90m 93|[39m       data[33m:[39m {
    [90m 94|[39m         name[33m:[39m [32m'WEG S/A'[39m[33m,[39m

[31m[2mÔÄ»ÔÄ»ÔÄ»ÔÄ»ÔÄ»ÔÄ»ÔÄ»ÔÄ»ÔÄ»ÔÄ»ÔÄ»ÔÄ»ÔÄ»ÔÄ»ÔÄ»ÔÄ»ÔÄ»ÔÄ»ÔÄ»ÔÄ»ÔÄ»ÔÄ»ÔÄ»Ô
Ä»[2/7]ÔÄ»[22m[39m

[41m[1m FAIL [22m[49m __tests__/modules/insights.test.ts[2m > 
[22mM├│dulo Insights[2m > [22mClasse com > 50% deve detectar 
CONCENTRACAO_CLASSE
[31m[1mPrismaClientValidationError[22m: 
Invalid `prisma.asset.create()` invocation in
C:/dev/invest-br/__tests__/modules/insights.test.ts:92:39

  89 assetClassId = assetClass.id
  90 
  91 // Criar ativos
ÔåÆ 92 const asset1 = await prisma.asset.create({
       data: {
         name: "WEG S/A",
         ticker: "WEGE3",
         assetClassId: "cmns9njf9000hnsve1go96tg4",
         currency: "BRL",
         country: "BR",
         recommendedHorizon: "LONG",
     +   category: AssetCategory
       }
     })

Argument `category` is missing.[39m
[90m [2mÔØ»[22m ar node_modules/.pnpm/@prisma+client@7.7.0_prisma_1e40e0f9d9
8b741ca49bc50cc9fd9f75/node_modules/@prisma/client/src/runtime/core/errorRender
ing/throwValidationException.ts:[2m46:8[22m[39m
[90m [2mÔØ»[22m throwValidationException node_modules/.pnpm/@prisma+client@7
.7.0_prisma_1e40e0f9d98b741ca49bc50cc9fd9f75/node_modules/@prisma/client/src/ru
ntime/RequestHandler.ts:[2m211:6[22m[39m
[90m [2mÔØ»[22m Gr.handleAndLogRequestError node_modules/.pnpm/@prisma+clien
t@7.7.0_prisma_1e40e0f9d98b741ca49bc50cc9fd9f75/node_modules/@prisma/client/src
/runtime/RequestHandler.ts:[2m183:11[22m[39m
[90m [2mÔØ»[22m Gr.request node_modules/.pnpm/@prisma+client@7.7.0_prisma_1e
40e0f9d98b741ca49bc50cc9fd9f75/node_modules/@prisma/client/src/runtime/RequestH
andler.ts:[2m152:11[22m[39m
[90m [2mÔØ»[22m a node_modules/.pnpm/@prisma+client@7.7.0_prisma_1e40e0f9d98
b741ca49bc50cc9fd9f75/node_modules/@prisma/client/src/runtime/getPrismaClient.t
s:[2m938:23[22m[39m
[36m [2mÔØ»[22m __tests__/modules/insights.test.ts:[2m92:20[22m[39m
    [90m 90|[39m
    [90m 91|[39m     [90m// Criar ativos[39m
    [90m 92|[39m     [35mconst[39m asset1 [33m=[39m [35mawait[39m 
prisma[33m.[39masset[33m.[39m[34mcreate[39m({
    [90m   |[39m                    [31m^[39m
    [90m 93|[39m       data[33m:[39m {
    [90m 94|[39m         name[33m:[39m [32m'WEG S/A'[39m[33m,[39m

[31m[2mÔÄ»ÔÄ»ÔÄ»ÔÄ»ÔÄ»ÔÄ»ÔÄ»ÔÄ»ÔÄ»ÔÄ»ÔÄ»ÔÄ»ÔÄ»ÔÄ»ÔÄ»ÔÄ»ÔÄ»ÔÄ»ÔÄ»ÔÄ»ÔÄ»ÔÄ»ÔÄ»Ô
Ä»[3/7]ÔÄ»[22m[39m

[41m[1m FAIL [22m[49m __tests__/modules/insights.test.ts[2m > 
[22mM├│dulo Insights[2m > [22mMoeda/Pa├¡s com > 70% deve detectar 
CONCENTRACAO_MOEDA_PAIS
[31m[1mPrismaClientValidationError[22m: 
Invalid `prisma.asset.create()` invocation in
C:/dev/invest-br/__tests__/modules/insights.test.ts:92:39

  89 assetClassId = assetClass.id
  90 
  91 // Criar ativos
ÔåÆ 92 const asset1 = await prisma.asset.create({
       data: {
         name: "WEG S/A",
         ticker: "WEGE3",
         assetClassId: "cmns9njfh000nnsvexbtjq9w7",
         currency: "BRL",
         country: "BR",
         recommendedHorizon: "LONG",
     +   category: AssetCategory
       }
     })

Argument `category` is missing.[39m
[90m [2mÔØ»[22m ar node_modules/.pnpm/@prisma+client@7.7.0_prisma_1e40e0f9d9
8b741ca49bc50cc9fd9f75/node_modules/@prisma/client/src/runtime/core/errorRender
ing/throwValidationException.ts:[2m46:8[22m[39m
[90m [2mÔØ»[22m throwValidationException node_modules/.pnpm/@prisma+client@7
.7.0_prisma_1e40e0f9d98b741ca49bc50cc9fd9f75/node_modules/@prisma/client/src/ru
ntime/RequestHandler.ts:[2m211:6[22m[39m
[90m [2mÔØ»[22m Gr.handleAndLogRequestError node_modules/.pnpm/@prisma+clien
t@7.7.0_prisma_1e40e0f9d98b741ca49bc50cc9fd9f75/node_modules/@prisma/client/src
/runtime/RequestHandler.ts:[2m183:11[22m[39m
[90m [2mÔØ»[22m Gr.request node_modules/.pnpm/@prisma+client@7.7.0_prisma_1e
40e0f9d98b741ca49bc50cc9fd9f75/node_modules/@prisma/client/src/runtime/RequestH
andler.ts:[2m152:11[22m[39m
[90m [2mÔØ»[22m a node_modules/.pnpm/@prisma+client@7.7.0_prisma_1e40e0f9d98
b741ca49bc50cc9fd9f75/node_modules/@prisma/client/src/runtime/getPrismaClient.t
s:[2m938:23[22m[39m
[36m [2mÔØ»[22m __tests__/modules/insights.test.ts:[2m92:20[22m[39m
    [90m 90|[39m
    [90m 91|[39m     [90m// Criar ativos[39m
    [90m 92|[39m     [35mconst[39m asset1 [33m=[39m [35mawait[39m 
prisma[33m.[39masset[33m.[39m[34mcreate[39m({
    [90m   |[39m                    [31m^[39m
    [90m 93|[39m       data[33m:[39m {
    [90m 94|[39m         name[33m:[39m [32m'WEG S/A'[39m[33m,[39m

[31m[2mÔÄ»ÔÄ»ÔÄ»ÔÄ»ÔÄ»ÔÄ»ÔÄ»ÔÄ»ÔÄ»ÔÄ»ÔÄ»ÔÄ»ÔÄ»ÔÄ»ÔÄ»ÔÄ»ÔÄ»ÔÄ»ÔÄ»ÔÄ»ÔÄ»ÔÄ»ÔÄ»Ô
Ä»[4/7]ÔÄ»[22m[39m

[41m[1m FAIL [22m[49m __tests__/modules/insights.test.ts[2m > 
[22mM├│dulo Insights[2m > [22mAtivo com horizonte SHORT em carteira LONG 
deve detectar HORIZONTE_DESALINHADO
[31m[1mPrismaClientValidationError[22m: 
Invalid `prisma.asset.create()` invocation in
C:/dev/invest-br/__tests__/modules/insights.test.ts:92:39

  89 assetClassId = assetClass.id
  90 
  91 // Criar ativos
ÔåÆ 92 const asset1 = await prisma.asset.create({
       data: {
         name: "WEG S/A",
         ticker: "WEGE3",
         assetClassId: "cmns9njfr000tnsvemou9w4i5",
         currency: "BRL",
         country: "BR",
         recommendedHorizon: "LONG",
     +   category: AssetCategory
       }
     })

Argument `category` is missing.[39m
[90m [2mÔØ»[22m ar node_modules/.pnpm/@prisma+client@7.7.0_prisma_1e40e0f9d9
8b741ca49bc50cc9fd9f75/node_modules/@prisma/client/src/runtime/core/errorRender
ing/throwValidationException.ts:[2m46:8[22m[39m
[90m [2mÔØ»[22m throwValidationException node_modules/.pnpm/@prisma+client@7
.7.0_prisma_1e40e0f9d98b741ca49bc50cc9fd9f75/node_modules/@prisma/client/src/ru
ntime/RequestHandler.ts:[2m211:6[22m[39m
[90m [2mÔØ»[22m Gr.handleAndLogRequestError node_modules/.pnpm/@prisma+clien
t@7.7.0_prisma_1e40e0f9d98b741ca49bc50cc9fd9f75/node_modules/@prisma/client/src
/runtime/RequestHandler.ts:[2m183:11[22m[39m
[90m [2mÔØ»[22m Gr.request node_modules/.pnpm/@prisma+client@7.7.0_prisma_1e
40e0f9d98b741ca49bc50cc9fd9f75/node_modules/@prisma/client/src/runtime/RequestH
andler.ts:[2m152:11[22m[39m
[90m [2mÔØ»[22m a node_modules/.pnpm/@prisma+client@7.7.0_prisma_1e40e0f9d98
b741ca49bc50cc9fd9f75/node_modules/@prisma/client/src/runtime/getPrismaClient.t
s:[2m938:23[22m[39m
[36m [2mÔØ»[22m __tests__/modules/insights.test.ts:[2m92:20[22m[39m
    [90m 90|[39m
    [90m 91|[39m     [90m// Criar ativos[39m
    [90m 92|[39m     [35mconst[39m asset1 [33m=[39m [35mawait[39m 
prisma[33m.[39masset[33m.[39m[34mcreate[39m({
    [90m   |[39m                    [31m^[39m
    [90m 93|[39m       data[33m:[39m {
    [90m 94|[39m         name[33m:[39m [32m'WEG S/A'[39m[33m,[39m

[31m[2mÔÄ»ÔÄ»ÔÄ»ÔÄ»ÔÄ»ÔÄ»ÔÄ»ÔÄ»ÔÄ»ÔÄ»ÔÄ»ÔÄ»ÔÄ»ÔÄ»ÔÄ»ÔÄ»ÔÄ»ÔÄ»ÔÄ»ÔÄ»ÔÄ»ÔÄ»ÔÄ»Ô
Ä»[5/7]ÔÄ»[22m[39m

[41m[1m FAIL [22m[49m __tests__/modules/insights.test.ts[2m > 
[22mM├│dulo Insights[2m > [22mPortfolio espec├¡fico deve filtrar insights 
apenas para aquela carteira
[31m[1mPrismaClientValidationError[22m: 
Invalid `prisma.asset.create()` invocation in
C:/dev/invest-br/__tests__/modules/insights.test.ts:92:39

  89 assetClassId = assetClass.id
  90 
  91 // Criar ativos
ÔåÆ 92 const asset1 = await prisma.asset.create({
       data: {
         name: "WEG S/A",
         ticker: "WEGE3",
         assetClassId: "cmns9njfz000znsveqwo1uxxx",
         currency: "BRL",
         country: "BR",
         recommendedHorizon: "LONG",
     +   category: AssetCategory
       }
     })

Argument `category` is missing.[39m
[90m [2mÔØ»[22m ar node_modules/.pnpm/@prisma+client@7.7.0_prisma_1e40e0f9d9
8b741ca49bc50cc9fd9f75/node_modules/@prisma/client/src/runtime/core/errorRender
ing/throwValidationException.ts:[2m46:8[22m[39m

[90m [2mÔØ»[22m throwValidationException node_modules/.pnpm/@prisma+client@7
.7.0_prisma_1e40e0f9d98b741ca49bc50cc9fd9f75/node_modules/@prisma/client/src/ru
ntime/RequestHandler.ts:[2m211:6[22m[39m
[90m [2mÔØ»[22m Gr.handleAndLogRequestError node_modules/.pnpm/@prisma+clien
t@7.7.0_prisma_1e40e0f9d98b741ca49bc50cc9fd9f75/node_modules/@prisma/client/src
/runtime/RequestHandler.ts:[2m183:11[22m[39m
[90m [2mÔØ»[22m Gr.request node_modules/.pnpm/@prisma+client@7.7.0_prisma_1e
40e0f9d98b741ca49bc50cc9fd9f75/node_modules/@prisma/client/src/runtime/RequestH
andler.ts:[2m152:11[22m[39m
[90m [2mÔØ»[22m a node_modules/.pnpm/@prisma+client@7.7.0_prisma_1e40e0f9d98
b741ca49bc50cc9fd9f75/node_modules/@prisma/client/src/runtime/getPrismaClient.t
s:[2m938:23[22m[39m
[36m [2mÔØ»[22m __tests__/modules/insights.test.ts:[2m92:20[22m[39m
    [90m 90|[39m
    [90m 91|[39m     [90m// Criar ativos[39m
    [90m 92|[39m     [35mconst[39m asset1 [33m=[39m [35mawait[39m 
prisma[33m.[39masset[33m.[39m[34mcreate[39m({
    [90m   |[39m                    [31m^[39m
    [90m 93|[39m       data[33m:[39m {
    [90m 94|[39m         name[33m:[39m [32m'WEG S/A'[39m[33m,[39m

[31m[2mÔÄ»ÔÄ»ÔÄ»ÔÄ»ÔÄ»ÔÄ»ÔÄ»ÔÄ»ÔÄ»ÔÄ»ÔÄ»ÔÄ»ÔÄ»ÔÄ»ÔÄ»ÔÄ»ÔÄ»ÔÄ»ÔÄ»ÔÄ»ÔÄ»ÔÄ»ÔÄ»Ô
Ä»[6/7]ÔÄ»[22m[39m

[41m[1m FAIL [22m[49m __tests__/modules/insights.test.ts[2m > 
[22mM├│dulo Insights[2m > [22mDeve calcular severidade corretamente 
(info/warning/critical)
[31m[1mPrismaClientValidationError[22m: 
Invalid `prisma.asset.create()` invocation in
C:/dev/invest-br/__tests__/modules/insights.test.ts:92:39

  89 assetClassId = assetClass.id
  90 
  91 // Criar ativos
ÔåÆ 92 const asset1 = await prisma.asset.create({
       data: {
         name: "WEG S/A",
         ticker: "WEGE3",
         assetClassId: "cmns9njg60015nsve3t8dy8on",
         currency: "BRL",
         country: "BR",
         recommendedHorizon: "LONG",
     +   category: AssetCategory
       }
     })

Argument `category` is missing.[39m
[90m [2mÔØ»[22m ar node_modules/.pnpm/@prisma+client@7.7.0_prisma_1e40e0f9d9
8b741ca49bc50cc9fd9f75/node_modules/@prisma/client/src/runtime/core/errorRender
ing/throwValidationException.ts:[2m46:8[22m[39m
[90m [2mÔØ»[22m throwValidationException node_modules/.pnpm/@prisma+client@7
.7.0_prisma_1e40e0f9d98b741ca49bc50cc9fd9f75/node_modules/@prisma/client/src/ru
ntime/RequestHandler.ts:[2m211:6[22m[39m
[90m [2mÔØ»[22m Gr.handleAndLogRequestError node_modules/.pnpm/@prisma+clien
t@7.7.0_prisma_1e40e0f9d98b741ca49bc50cc9fd9f75/node_modules/@prisma/client/src
/runtime/RequestHandler.ts:[2m183:11[22m[39m
[90m [2mÔØ»[22m Gr.request node_modules/.pnpm/@prisma+client@7.7.0_prisma_1e
40e0f9d98b741ca49bc50cc9fd9f75/node_modules/@prisma/client/src/runtime/RequestH
andler.ts:[2m152:11[22m[39m
[90m [2mÔØ»[22m a node_modules/.pnpm/@prisma+client@7.7.0_prisma_1e40e0f9d98
b741ca49bc50cc9fd9f75/node_modules/@prisma/client/src/runtime/getPrismaClient.t
s:[2m938:23[22m[39m
[36m [2mÔØ»[22m __tests__/modules/insights.test.ts:[2m92:20[22m[39m
    [90m 90|[39m
    [90m 91|[39m     [90m// Criar ativos[39m
    [90m 92|[39m     [35mconst[39m asset1 [33m=[39m [35mawait[39m 
prisma[33m.[39masset[33m.[39m[34mcreate[39m({
    [90m   |[39m                    [31m^[39m
    [90m 93|[39m       data[33m:[39m {
    [90m 94|[39m         name[33m:[39m [32m'WEG S/A'[39m[33m,[39m

[31m[2mÔÄ»ÔÄ»ÔÄ»ÔÄ»ÔÄ»ÔÄ»ÔÄ»ÔÄ»ÔÄ»ÔÄ»ÔÄ»ÔÄ»ÔÄ»ÔÄ»ÔÄ»ÔÄ»ÔÄ»ÔÄ»ÔÄ»ÔÄ»ÔÄ»ÔÄ»ÔÄ»Ô
Ä»[7/7]ÔÄ»[22m[39m

[2m Test Files [22m [1m[31m1 failed[39m[22m[90m (1)[39m
[2m      Tests [22m [1m[31m7 failed[39m[22m[90m (7)[39m
[2m   Start at [22m 23:07:51
[2m   Duration [22m 824ms[2m (transform 63ms, setup 35ms, import 108ms, tests 204ms, environment 0ms)[22m

ÔÇëELIFECYCLEÔÇë Test failed. See above for more details.
