
> @ test C:\dev\invest-br
> vitest run "__tests__/modules/insights.test.ts" "--reporter=verbose"


[1m[46m RUN [49m[22m [36mv4.1.3 [39m[90mC:/dev/invest-br[39m

[90mstdout[2m | __tests__/modules/insights.test.ts
[22m[39mÔùç injected env (8) from .env.local // tip: Ôîÿ custom filepath { path: '/custom/path/.env' }
Ôùç injected env (0) from .env // tip: Ôîü auth for agents [www.vestauth.com]

[90mstdout[2m | __tests__/modules/insights.test.ts[2m > [22m[2mM├│dulo Insights[2m > [22m[2mCliente sem transa├º├Áes deve retornar insights vazio
[22m[39mprisma:error 
Invalid `prisma.assetClass.create()` invocation in
C:/dev/invest-br/__tests__/modules/insights.test.ts:82:48

  79 accountId = account.id
  80 
  81 // Criar classe de ativo
ÔåÆ 82 const assetClass = await prisma.assetClass.create({
       data: {
         name: "A├º├Áes Brasileiras",
         category: "STOCK",
         ~~~~~~~~
         recommendedHorizonBase: "LONG",
     ?   id?: String,
     ?   code?: String | Null,
     ?   description?: String | Null,
     ?   createdAt?: DateTime,
     ?   assets?: AssetCreateNestedManyWithoutAssetClassInput
       }
     })

Unknown argument `category`. Available options are marked with ?.

[90mstdout[2m | __tests__/modules/insights.test.ts[2m > [22m[2mM├│dulo Insights[2m > [22m[2mUm ativo com > 25% deve detectar CONCENTRACAO_ATIVO
[22m[39mprisma:error 
Invalid `prisma.assetClass.create()` invocation in
C:/dev/invest-br/__tests__/modules/insights.test.ts:82:48

  79 accountId = account.id
  80 
  81 // Criar classe de ativo
ÔåÆ 82 const assetClass = await prisma.assetClass.create({
       data: {
         name: "A├º├Áes Brasileiras",
         category: "STOCK",
         ~~~~~~~~
         recommendedHorizonBase: "LONG",
     ?   id?: String,
     ?   code?: String | Null,
     ?   description?: String | Null,
     ?   createdAt?: DateTime,
     ?   assets?: AssetCreateNestedManyWithoutAssetClassInput
       }
     })

Unknown argument `category`. Available options are marked with ?.

[90mstdout[2m | __tests__/modules/insights.test.ts[2m > [22m[2mM├│dulo Insights[2m > [22m[2mClasse com > 50% deve detectar CONCENTRACAO_CLASSE
[22m[39mprisma:error 
Invalid `prisma.assetClass.create()` invocation in
C:/dev/invest-br/__tests__/modules/insights.test.ts:82:48

  79 accountId = account.id
  80 
  81 // Criar classe de ativo
ÔåÆ 82 const assetClass = await prisma.assetClass.create({
       data: {
         name: "A├º├Áes Brasileiras",
         category: "STOCK",
         ~~~~~~~~
         recommendedHorizonBase: "LONG",
     ?   id?: String,
     ?   code?: String | Null,
     ?   description?: String | Null,
     ?   createdAt?: DateTime,
     ?   assets?: AssetCreateNestedManyWithoutAssetClassInput
       }
     })

Unknown argument `category`. Available options are marked with ?.

[90mstdout[2m | __tests__/modules/insights.test.ts[2m > [22m[2mM├│dulo Insights[2m > [22m[2mMoeda/Pa├¡s com > 70% deve detectar CONCENTRACAO_MOEDA_PAIS
[22m[39mprisma:error 
Invalid `prisma.assetClass.create()` invocation in
C:/dev/invest-br/__tests__/modules/insights.test.ts:82:48

  79 accountId = account.id
  80 
  81 // Criar classe de ativo
ÔåÆ 82 const assetClass = await prisma.assetClass.create({
       data: {
         name: "A├º├Áes Brasileiras",
         category: "STOCK",
         ~~~~~~~~
         recommendedHorizonBase: "LONG",
     ?   id?: String,
     ?   code?: String | Null,
     ?   description?: String | Null,
     ?   createdAt?: DateTime,
     ?   assets?: AssetCreateNestedManyWithoutAssetClassInput
       }
     })

Unknown argument `category`. Available options are marked with ?.

[90mstdout[2m | __tests__/modules/insights.test.ts[2m > [22m[2mM├│dulo Insights[2m > [22m[2mAtivo com horizonte SHORT em carteira LONG deve detectar HORIZONTE_DESALINHADO
[22m[39mprisma:error 
Invalid `prisma.assetClass.create()` invocation in
C:/dev/invest-br/__tests__/modules/insights.test.ts:82:48

  79 accountId = account.id
  80 
  81 // Criar classe de ativo
ÔåÆ 82 const assetClass = await prisma.assetClass.create({
       data: {
         name: "A├º├Áes Brasileiras",
         category: "STOCK",
         ~~~~~~~~
         recommendedHorizonBase: "LONG",
     ?   id?: String,
     ?   code?: String | Null,
     ?   description?: String | Null,
     ?   createdAt?: DateTime,
     ?   assets?: AssetCreateNestedManyWithoutAssetClassInput
       }
     })

Unknown argument `category`. Available options are marked with ?.

[90mstdout[2m | __tests__/modules/insights.test.ts[2m > [22m[2mM├│dulo Insights[2m > [22m[2mPortfolio espec├¡fico deve filtrar insights apenas para aquela carteira
[22m[39mprisma:error 
Invalid `prisma.assetClass.create()` invocation in
C:/dev/invest-br/__tests__/modules/insights.test.ts:82:48

  79 accountId = account.id
  80 
  81 // Criar classe de ativo
ÔåÆ 82 const assetClass = await prisma.assetClass.create({
       data: {
         name: "A├º├Áes Brasileiras",
         category: "STOCK",
         ~~~~~~~~
         recommendedHorizonBase: "LONG",
     ?   id?: String,
     ?   code?: String | Null,
     ?   description?: String | Null,
     ?   createdAt?: DateTime,
     ?   assets?: AssetCreateNestedManyWithoutAssetClassInput
       }
     })

Unknown argument `category`. Available options are marked with ?.

[90mstdout[2m | __tests__/modules/insights.test.ts[2m > [22m[2mM├│dulo Insights[2m > [22m[2mDeve calcular severidade corretamente (info/warning/critical)
[22m[39mprisma:error 
Invalid `prisma.assetClass.create()` invocation in
C:/dev/invest-br/__tests__/modules/insights.test.ts:82:48

  79 accountId = account.id
  80 
  81 // Criar classe de ativo
ÔåÆ 82 const assetClass = await prisma.assetClass.create({
       data: {
         name: "A├º├Áes Brasileiras",
         category: "STOCK",
         ~~~~~~~~
         recommendedHorizonBase: "LONG",
     ?   id?: String,
     ?   code?: String | Null,
     ?   description?: String | Null,
     ?   createdAt?: DateTime,
     ?   assets?: AssetCreateNestedManyWithoutAssetClassInput
       }
     })

Unknown argument `category`. Available options are marked with ?.

 [31m├ù[39m __tests__/modules/insights.test.ts[2m > [22mM├│dulo Insights[2m > [22mCliente sem transa├º├Áes deve retornar insights vazio[32m 145[2mms[22m[39m
[31m   ÔåÆ 
Invalid `prisma.assetClass.create()` invocation in
C:/dev/invest-br/__tests__/modules/insights.test.ts:82:48

  79 accountId = account.id
  80 
  81 // Criar classe de ativo
ÔåÆ 82 const assetClass = await prisma.assetClass.create({
       data: {
         name: "A├º├Áes Brasileiras",
         category: "STOCK",
         ~~~~~~~~
         recommendedHorizonBase: "LONG",
     ?   id?: String,
     ?   code?: String | Null,
     ?   description?: String | Null,
     ?   createdAt?: DateTime,
     ?   assets?: AssetCreateNestedManyWithoutAssetClassInput
       }
     })

Unknown argument `category`. Available options are marked with ?.[39m
 [31m├ù[39m __tests__/modules/insights.test.ts[2m > [22mM├│dulo Insights[2m > [22mUm ativo com > 25% deve detectar CONCENTRACAO_ATIVO[32m 13[2mms[22m[39m
[31m   ÔåÆ 
Invalid `prisma.assetClass.create()` invocation in
C:/dev/invest-br/__tests__/modules/insights.test.ts:82:48

  79 accountId = account.id
  80 
  81 // Criar classe de ativo
ÔåÆ 82 const assetClass = await prisma.assetClass.create({
       data: {
         name: "A├º├Áes Brasileiras",
         category: "STOCK",
         ~~~~~~~~
         recommendedHorizonBase: "LONG",
     ?   id?: String,
     ?   code?: String | Null,
     ?   description?: String | Null,
     ?   createdAt?: DateTime,
     ?   assets?: AssetCreateNestedManyWithoutAssetClassInput
       }
     })

Unknown argument `category`. Available options are marked with ?.[39m
 [31m├ù[39m __tests__/modules/insights.test.ts[2m > [22mM├│dulo Insights[2m > [22mClasse com > 50% deve detectar CONCENTRACAO_CLASSE[32m 8[2mms[22m[39m
[31m   ÔåÆ 
Invalid `prisma.assetClass.create()` invocation in
C:/dev/invest-br/__tests__/modules/insights.test.ts:82:48

  79 accountId = account.id
  80 
  81 // Criar classe de ativo
ÔåÆ 82 const assetClass = await prisma.assetClass.create({
       data: {
         name: "A├º├Áes Brasileiras",
         category: "STOCK",
         ~~~~~~~~
         recommendedHorizonBase: "LONG",
     ?   id?: String,
     ?   code?: String | Null,
     ?   description?: String | Null,
     ?   createdAt?: DateTime,
     ?   assets?: AssetCreateNestedManyWithoutAssetClassInput
       }
     })

Unknown argument `category`. Available options are marked with ?.[39m
 [31m├ù[39m __tests__/modules/insights.test.ts[2m > [22mM├│dulo Insights[2m > [22mMoeda/Pa├¡s com > 70% deve detectar CONCENTRACAO_MOEDA_PAIS[32m 8[2mms[22m[39m
[31m   ÔåÆ 
Invalid `prisma.assetClass.create()` invocation in
C:/dev/invest-br/__tests__/modules/insights.test.ts:82:48

  79 accountId = account.id
  80 
  81 // Criar classe de ativo
ÔåÆ 82 const assetClass = await prisma.assetClass.create({
       data: {
         name: "A├º├Áes Brasileiras",
         category: "STOCK",
         ~~~~~~~~
         recommendedHorizonBase: "LONG",
     ?   id?: String,
     ?   code?: String | Null,
     ?   description?: String | Null,
     ?   createdAt?: DateTime,
     ?   assets?: AssetCreateNestedManyWithoutAssetClassInput
       }
     })

Unknown argument `category`. Available options are marked with ?.[39m
 [31m├ù[39m __tests__/modules/insights.test.ts[2m > [22mM├│dulo Insights[2m > [22mAtivo com horizonte SHORT em carteira LONG deve detectar HORIZONTE_DESALINHADO[32m 8[2mms[22m[39m
[31m   ÔåÆ 
Invalid `prisma.assetClass.create()` invocation in
C:/dev/invest-br/__tests__/modules/insights.test.ts:82:48

  79 accountId = account.id
  80 
  81 // Criar classe de ativo
ÔåÆ 82 const assetClass = await prisma.assetClass.create({
       data: {
         name: "A├º├Áes Brasileiras",
         category: "STOCK",
         ~~~~~~~~
         recommendedHorizonBase: "LONG",
     ?   id?: String,
     ?   code?: String | Null,
     ?   description?: String | Null,
     ?   createdAt?: DateTime,
     ?   assets?: AssetCreateNestedManyWithoutAssetClassInput
       }
     })

Unknown argument `category`. Available options are marked with ?.[39m
 [31m├ù[39m __tests__/modules/insights.test.ts[2m > [22mM├│dulo Insights[2m > [22mPortfolio espec├¡fico deve filtrar insights apenas para aquela carteira[32m 11[2mms[22m[39m
[31m   ÔåÆ 
Invalid `prisma.assetClass.create()` invocation in
C:/dev/invest-br/__tests__/modules/insights.test.ts:82:48

  79 accountId = account.id
  80 
  81 // Criar classe de ativo
ÔåÆ 82 const assetClass = await prisma.assetClass.create({
       data: {
         name: "A├º├Áes Brasileiras",
         category: "STOCK",
         ~~~~~~~~
         recommendedHorizonBase: "LONG",
     ?   id?: String,
     ?   code?: String | Null,
     ?   description?: String | Null,
     ?   createdAt?: DateTime,
     ?   assets?: AssetCreateNestedManyWithoutAssetClassInput
       }
     })

Unknown argument `category`. Available options are marked with ?.[39m
 [31m├ù[39m __tests__/modules/insights.test.ts[2m > [22mM├│dulo Insights[2m > [22mDeve calcular severidade corretamente (info/warning/critical)[32m 9[2mms[22m[39m
[31m   ÔåÆ 
Invalid `prisma.assetClass.create()` invocation in
C:/dev/invest-br/__tests__/modules/insights.test.ts:82:48

  79 accountId = account.id
  80 
  81 // Criar classe de ativo
ÔåÆ 82 const assetClass = await prisma.assetClass.create({
       data: {
         name: "A├º├Áes Brasileiras",
         category: "STOCK",
         ~~~~~~~~
         recommendedHorizonBase: "LONG",
     ?   id?: String,
     ?   code?: String | Null,
     ?   description?: String | Null,
     ?   createdAt?: DateTime,
     ?   assets?: AssetCreateNestedManyWithoutAssetClassInput
       }
     })

Unknown argument `category`. Available options are marked with ?.[39m
node.exe : 
No C:\Users\Junior\AppData\Roaming\npm\pnpm.ps1:24 caractere:5
+     & "node$exe"  "$basedir/node_modules/pnpm/bin/pnpm.cjs" $args
+     ~~~~~~~~~~~~~~~~~~~~~~~~~~~~~~~~~~~~~~~~~~~~~~~~~~~~~~~~~~~~~
    + CategoryInfo          : NotSpecified: (:String) [], RemoteException
    + FullyQualifiedErrorId : NativeCommandError
 
[31mÔÄ»ÔÄ»ÔÄ»ÔÄ»ÔÄ»ÔÄ»ÔÄ»[39m[1m[41m Failed Tests 7 
[49m[22m[31mÔÄ»ÔÄ»ÔÄ»ÔÄ»ÔÄ»ÔÄ»ÔÄ»[39m

[41m[1m FAIL [22m[49m __tests__/modules/insights.test.ts[2m > 
[22mM├│dulo Insights[2m > [22mCliente sem transa├º├Áes deve retornar 
insights vazio
[41m[1m FAIL [22m[49m __tests__/modules/insights.test.ts[2m > 
[22mM├│dulo Insights[2m > [22mUm ativo com > 25% deve detectar 
CONCENTRACAO_ATIVO
[41m[1m FAIL [22m[49m __tests__/modules/insights.test.ts[2m > 
[22mM├│dulo Insights[2m > [22mClasse com > 50% deve detectar 
CONCENTRACAO_CLASSE
[41m[1m FAIL [22m[49m __tests__/modules/insights.test.ts[2m > 
[22mM├│dulo Insights[2m > [22mMoeda/Pa├¡s com > 70% deve detectar 
CONCENTRACAO_MOEDA_PAIS
[41m[1m FAIL [22m[49m __tests__/modules/insights.test.ts[2m > 
[22mM├│dulo Insights[2m > [22mAtivo com horizonte SHORT em carteira LONG 
deve detectar HORIZONTE_DESALINHADO
[41m[1m FAIL [22m[49m __tests__/modules/insights.test.ts[2m > 
[22mM├│dulo Insights[2m > [22mPortfolio espec├¡fico deve filtrar insights 
apenas para aquela carteira
[41m[1m FAIL [22m[49m __tests__/modules/insights.test.ts[2m > 
[22mM├│dulo Insights[2m > [22mDeve calcular severidade corretamente 
(info/warning/critical)
[31m[1mPrismaClientValidationError[22m: 
Invalid `prisma.assetClass.create()` invocation in
C:/dev/invest-br/__tests__/modules/insights.test.ts:82:48

  79 accountId = account.id
  80 
  81 // Criar classe de ativo
ÔåÆ 82 const assetClass = await prisma.assetClass.create({
       data: {
         name: "A├º├Áes Brasileiras",
         category: "STOCK",
         ~~~~~~~~
         recommendedHorizonBase: "LONG",
     ?   id?: String,
     ?   code?: String | Null,
     ?   description?: String | Null,
     ?   createdAt?: DateTime,
     ?   assets?: AssetCreateNestedManyWithoutAssetClassInput
       }
     })

Unknown argument `category`. Available options are marked with ?.[39m
[90m [2mÔØ»[22m ar node_modules/.pnpm/@prisma+client@7.7.0_prisma_1e40e0f9d9
8b741ca49bc50cc9fd9f75/node_modules/@prisma/client/src/runtime/core/errorRender
ing/throwValidationException.ts:[2m46:8[22m[39m
[90m [2mÔØ»[22m throwValidationException node_modules/.pnpm/@prisma+client@7
.7.0_prisma_1e40e0f9d98b741ca49bc50cc9fd9f75/node_modules/@prisma/client/src/ru
ntime/RequestHandler.ts:[2m211:6[22m[39m
[90m [2mÔØ»[22m Gr.handleAndLogRequestError node_modules/.pnpm/@prisma+clien
t@7.7.0_prisma_1e40e0f9d98b741ca49bc50cc9fd9f75/node_modules/@prisma/client/src
/runtime/RequestHandler.ts:[2m183:11[22m[39m
[90m [2mÔØ»[22m Gr.request node_modules/.pnpm/@prisma+client@7.7.0_prisma_1e
40e0f9d98b741ca49bc50cc9fd9f75/node_modules/@prisma/client/src/runtime/RequestH
andler.ts:[2m152:11[22m[39m
[90m [2mÔØ»[22m a node_modules/.pnpm/@prisma+client@7.7.0_prisma_1e40e0f9d98
b741ca49bc50cc9fd9f75/node_modules/@prisma/client/src/runtime/getPrismaClient.t
s:[2m938:23[22m[39m
[36m [2mÔØ»[22m __tests__/modules/insights.test.ts:[2m82:24[22m[39m
    [90m 80|[39m
    [90m 81|[39m     [90m// Criar classe de ativo[39m
    [90m 82|[39m     [35mconst[39m assetClass [33m=[39m [35mawait[39m 
prisma[33m.[39massetClass[33m.[39m[34mcreate[39m({
    [90m   |[39m                        [31m^[39m
    [90m 83|[39m       data[33m:[39m {
    [90m 84|[39m         name[33m:[39m [32m'A├º├Áes 
Brasileiras'[39m[33m,[39m

[31m[2mÔÄ»ÔÄ»ÔÄ»ÔÄ»ÔÄ»ÔÄ»ÔÄ»ÔÄ»ÔÄ»ÔÄ»ÔÄ»ÔÄ»ÔÄ»ÔÄ»ÔÄ»ÔÄ»ÔÄ»ÔÄ»ÔÄ»ÔÄ»ÔÄ»ÔÄ»ÔÄ»Ô
Ä»ÔÄ»ÔÄ»ÔÄ»ÔÄ»ÔÄ»ÔÄ»[22m[39m
[31m[1mSerialized Error:[22m[39m [90m{ clientVersion: '7.7.0' }[39m
[31m[2mÔÄ»ÔÄ»ÔÄ»ÔÄ»ÔÄ»ÔÄ»ÔÄ»ÔÄ»ÔÄ»ÔÄ»ÔÄ»ÔÄ»ÔÄ»ÔÄ»ÔÄ»ÔÄ»ÔÄ»ÔÄ»ÔÄ»ÔÄ»ÔÄ»ÔÄ»ÔÄ»Ô
Ä»[1/7]ÔÄ»[22m[39m


[2m Test Files [22m [1m[31m1 failed[39m[22m[90m (1)[39m
[2m      Tests [22m [1m[31m7 failed[39m[22m[90m (7)[39m
[2m   Start at [22m 23:05:40
[2m   Duration [22m 795ms[2m (transform 61ms, setup 34ms, import 103ms, tests 202ms, environment 0ms)[22m

ÔÇëELIFECYCLEÔÇë Test failed. See above for more details.
